stm32f1xx_it.c:91:6:NMI_Handler	0	static
stm32f1xx_it.c:104:6:HardFault_Handler	0	static
stm32f1xx_it.c:119:6:MemManage_Handler	0	static
stm32f1xx_it.c:134:6:BusFault_Handler	0	static
stm32f1xx_it.c:149:6:UsageFault_Handler	0	static
stm32f1xx_it.c:164:6:SVC_Handler	0	static
stm32f1xx_it.c:177:6:DebugMon_Handler	0	static
stm32f1xx_it.c:190:6:PendSV_Handler	0	static
stm32f1xx_it.c:203:6:SysTick_Handler	0	static
stm32f1xx_it.c:225:6:RTC_IRQHandler	0	static
stm32f1xx_it.c:239:6:ADC1_2_IRQHandler	8	static
stm32f1xx_it.c:255:6:EXTI9_5_IRQHandler	8	static
stm32f1xx_it.c:269:6:TIM3_IRQHandler	8	static
